\BOOKMARK [1][-]{section.1}{\376\377\152\031\230\114\000\040\0001}{}% 1
\BOOKMARK [2][-]{subsection.1.1}{\376\377\152\031\230\114\000\040\0002}{section.1}% 2
\BOOKMARK [3][-]{subsubsection.1.1.1}{\376\377\152\031\230\114\000\040\0003}{subsection.1.1}% 3
\BOOKMARK [1][-]{section.2}{\376\377\143\007\133\232\212\236\212\000\166\204\116\343\170\274\130\112}{}% 4
